
> unifield-client@0.0.0 build
> vite build

[36mvite v4.5.14 [32mbuilding for production...[36m[39m
transforming...
[32mΓ£ô[39m 2543 modules transformed.
[32mΓ£ô built in 19.57s[39m
node.exe : [31m"default" is not exported by 
"node_modules/jwt-decode/build/esm/index.js", imported by 
"src/contexts/AuthContext.jsx".[39m
At C:\Program Files\nodejs\npm.ps1:29 char:3
+   & $NODE_EXE $NPM_CLI_JS $args
+   ~~~~~~~~~~~~~~~~~~~~~~~~~~~~~
    + CategoryInfo          : NotSpecified: ([31m"default" ...text.jsx".[39m 
   :String) [], RemoteException
    + FullyQualifiedErrorId : NativeCommandError
 
file: [36mD:/VS/Agri confiweb 2/client/src/contexts/AuthContext.jsx:2:7[39m
[33m1: import React, { createContext, useState, useEffect } from 'react';
2: import jwtDecode from 'jwt-decode';
          ^
3: 
4: export const AuthContext = createContext();
[39m
[31merror during build:
RollupError: "default" is not exported by 
"node_modules/jwt-decode/build/esm/index.js", imported by 
"src/contexts/AuthContext.jsx".
    at error (file:///D:/VS/Agri%20confiweb%202/client/node_modules/rollup/dist
/es/shared/node-entry.js:2287:30)
    at Module.error (file:///D:/VS/Agri%20confiweb%202/client/node_modules/roll
up/dist/es/shared/node-entry.js:13745:16)
    at Module.traceVariable (file:///D:/VS/Agri%20confiweb%202/client/node_modu
les/rollup/dist/es/shared/node-entry.js:14175:29)
    at ModuleScope.findVariable (file:///D:/VS/Agri%20confiweb%202/client/node_
modules/rollup/dist/es/shared/node-entry.js:12615:39)
    at ReturnValueScope.findVariable (file:///D:/VS/Agri%20confiweb%202/client/
node_modules/rollup/dist/es/shared/node-entry.js:7124:38)
    at ChildScope.findVariable (file:///D:/VS/Agri%20confiweb%202/client/node_m
odules/rollup/dist/es/shared/node-entry.js:7124:38)
    at ReturnValueScope.findVariable (file:///D:/VS/Agri%20confiweb%202/client/
node_modules/rollup/dist/es/shared/node-entry.js:7124:38)
    at ChildScope.findVariable (file:///D:/VS/Agri%20confiweb%202/client/node_m
odules/rollup/dist/es/shared/node-entry.js:7124:38)
    at TrackingScope.findVariable (file:///D:/VS/Agri%20confiweb%202/client/nod
e_modules/rollup/dist/es/shared/node-entry.js:7124:38)
    at BlockScope.findVariable (file:///D:/VS/Agri%20confiweb%202/client/node_m
odules/rollup/dist/es/shared/node-entry.js:7124:38)[39m
